    A B C D E F G H
  +-----------------+
8 | r n b q k b n r | 8
7 | p p p p p p p p | 7
6 |   .   .   .   . | 6
5 | .   .   .   .   | 5
4 |   .   .   .   . | 4
3 | .   .   .   . N | 3
2 | P P P P P P P P | 2
1 | R N B Q K B . R | 1
  +-----------------+
    A B C D E F G H


    A B C D E F G H
  +-----------------+
8 | r . b q k b n r | 8
7 | p p p p p p p p | 7
6 | n .   .   .   . | 6
5 | .   .   .   .   | 5
4 |   .   .   .   . | 4
3 | .   .   .   . N | 3
2 | P P P P P P P P | 2
1 | R N B Q K B . R | 1
  +-----------------+
    A B C D E F G H


    A B C D E F G H
  +-----------------+
8 | r . b q k b n r | 8
7 | p p p p p p p p | 7
6 | n .   .   .   . | 6
5 | .   .   .   .   | 5
4 |   . P .   .   . | 4
3 | .   .   .   . N | 3
2 | P P   P P P P P | 2
1 | R N B Q K B . R | 1
  +-----------------+
    A B C D E F G H


    A B C D E F G H
  +-----------------+
8 | r . b q k b n r | 8
7 | p p p p . p p p | 7
6 | n .   .   .   . | 6
5 | .   .   p   .   | 5
4 |   . P .   .   . | 4
3 | .   .   .   . N | 3
2 | P P   P P P P P | 2
1 | R N B Q K B . R | 1
  +-----------------+
    A B C D E F G H


    A B C D E F G H
  +-----------------+
8 | r . b q k b n r | 8
7 | p p p p . p p p | 7
6 | n .   .   .   . | 6
5 | .   .   p   .   | 5
4 | Q . P .   .   . | 4
3 | .   .   .   . N | 3
2 | P P   P P P P P | 2
1 | R N B   K B . R | 1
  +-----------------+
    A B C D E F G H


    A B C D E F G H
  +-----------------+
8 | r . b . k b n r | 8
7 | p p p p . p p p | 7
6 | n .   .   .   . | 6
5 | .   .   p   .   | 5
4 | Q . P .   .   q | 4
3 | .   .   .   . N | 3
2 | P P   P P P P P | 2
1 | R N B   K B . R | 1
  +-----------------+
    A B C D E F G H


    A B C D E F G H
  +-----------------+
8 | r . b . k b n r | 8
7 | p p p p . p p p | 7
6 | n .   .   .   . | 6
5 | .   .   p   .   | 5
4 | Q . P .   .   q | 4
3 | .   .   .   P N | 3
2 | P P   P P P   P | 2
1 | R N B   K B . R | 1
  +-----------------+
    A B C D E F G H


    A B C D E F G H
  +-----------------+
8 | r . b . k b n r | 8
7 | p p p p . p p p | 7
6 | n .   .   .   . | 6
5 | .   .   p   .   | 5
4 | Q . P . q .   . | 4
3 | .   .   .   P N | 3
2 | P P   P P P   P | 2
1 | R N B   K B . R | 1
  +-----------------+
    A B C D E F G H


    A B C D E F G H
  +-----------------+
8 | r . b . k b n r | 8
7 | p p p p . p p p | 7
6 | n .   .   .   . | 6
5 | .   .   p   .   | 5
4 | Q . P . q .   . | 4
3 | .   .   . P P N | 3
2 | P P   P P .   P | 2
1 | R N B   K B . R | 1
  +-----------------+
    A B C D E F G H


    A B C D E F G H
  +-----------------+
8 | r . b . k b n r | 8
7 | p p p p . p p p | 7
6 |   .   .   .   . | 6
5 | .   n   p   .   | 5
4 | Q . P . q .   . | 4
3 | .   .   . P P N | 3
2 | P P   P P .   P | 2
1 | R N B   K B . R | 1
  +-----------------+
    A B C D E F G H


    A B C D E F G H
  +-----------------+
8 | r . b . k b n r | 8
7 | p p p p . p p p | 7
6 |   .   .   .   . | 6
5 | .   n   p   .   | 5
4 | Q . P . q .   . | 4
3 | .   N   . P P N | 3
2 | P P   P P .   P | 2
1 | R   B   K B . R | 1
  +-----------------+
    A B C D E F G H


    A B C D E F G H
  +-----------------+
8 | r . b . k b n r | 8
7 | p p p p . p p p | 7
6 |   .   .   .   . | 6
5 | .   n   p q .   | 5
4 | Q . P .   .   . | 4
3 | .   N   . P P N | 3
2 | P P   P P .   P | 2
1 | R   B   K B . R | 1
  +-----------------+
    A B C D E F G H


    A B C D E F G H
  +-----------------+
8 | r . b . k b n r | 8
7 | p p p p . p p p | 7
6 |   .   .   .   . | 6
5 | .   n   p q .   | 5
4 | Q . P .   . P . | 4
3 | .   N   . P . N | 3
2 | P P   P P .   P | 2
1 | R   B   K B . R | 1
  +-----------------+
    A B C D E F G H


    A B C D E F G H
  +-----------------+
8 | r . b . k b n r | 8
7 | p p p p . p p p | 7
6 |   .   .   . q . | 6
5 | .   n   p   .   | 5
4 | Q . P .   . P . | 4
3 | .   N   . P . N | 3
2 | P P   P P .   P | 2
1 | R   B   K B . R | 1
  +-----------------+
    A B C D E F G H


    A B C D E F G H
  +-----------------+
8 | r . b . k b n r | 8
7 | p p p p . p p p | 7
6 |   .   .   . q . | 6
5 | Q   n   p   .   | 5
4 |   . P .   . P . | 4
3 | .   N   . P . N | 3
2 | P P   P P .   P | 2
1 | R   B   K B . R | 1
  +-----------------+
    A B C D E F G H


    A B C D E F G H
  +-----------------+
8 | r . b . k . n r | 8
7 | p p p p . p p p | 7
6 |   .   b   . q . | 6
5 | Q   n   p   .   | 5
4 |   . P .   . P . | 4
3 | .   N   . P . N | 3
2 | P P   P P .   P | 2
1 | R   B   K B . R | 1
  +-----------------+
    A B C D E F G H


    A B C D E F G H
  +-----------------+
8 | r . b . k . n r | 8
7 | p p p p . p p p | 7
6 |   .   b   . q . | 6
5 | Q   n   p   .   | 5
4 |   P P .   . P . | 4
3 | .   N   . P . N | 3
2 | P .   P P .   P | 2
1 | R   B   K B . R | 1
  +-----------------+
    A B C D E F G H


    A B C D E F G H
  +-----------------+
8 | r . b . k . n r | 8
7 | p   p p . p p p | 7
6 |   p   b   . q . | 6
5 | Q   n   p   .   | 5
4 |   P P .   . P . | 4
3 | .   N   . P . N | 3
2 | P .   P P .   P | 2
1 | R   B   K B . R | 1
  +-----------------+
    A B C D E F G H


    A B C D E F G H
  +-----------------+
8 | r . b . k . n r | 8
7 | p   p p . p p p | 7
6 |   p   b   . q . | 6
5 | .   n   p   .   | 5
4 |   P P .   . P . | 4
3 | Q   N   . P . N | 3
2 | P .   P P .   P | 2
1 | R   B   K B . R | 1
  +-----------------+
    A B C D E F G H


    A B C D E F G H
  +-----------------+
8 | r . b . k . n r | 8
7 | p   p p . p p p | 7
6 | n p   b   . q . | 6
5 | .   .   p   .   | 5
4 |   P P .   . P . | 4
3 | Q   N   . P . N | 3
2 | P .   P P .   P | 2
1 | R   B   K B . R | 1
  +-----------------+
    A B C D E F G H


    A B C D E F G H
  +-----------------+
8 | r . b . k . n r | 8
7 | p   p p . p p p | 7
6 | n p   b   . q . | 6
5 | .   . N p   .   | 5
4 |   P P .   . P . | 4
3 | Q   .   . P . N | 3
2 | P .   P P .   P | 2
1 | R   B   K B . R | 1
  +-----------------+
    A B C D E F G H


    A B C D E F G H
  +-----------------+
8 | r . b . k . n r | 8
7 | p   . p . p p p | 7
6 | n p p b   . q . | 6
5 | .   . N p   .   | 5
4 |   P P .   . P . | 4
3 | Q   .   . P . N | 3
2 | P .   P P .   P | 2
1 | R   B   K B . R | 1
  +-----------------+
    A B C D E F G H


    A B C D E F G H
  +-----------------+
8 | r . b . k . n r | 8
7 | p   . p . p p p | 7
6 | n p p b   . q . | 6
5 | .   .   p   .   | 5
4 |   P P .   . P . | 4
3 | Q   N   . P . N | 3
2 | P .   P P .   P | 2
1 | R   B   K B . R | 1
  +-----------------+
    A B C D E F G H


    A B C D E F G H
  +-----------------+
8 | r . b . k . n r | 8
7 | p   . p . p p p | 7
6 | n p p .   . q . | 6
5 | .   .   p   .   | 5
4 |   b P .   . P . | 4
3 | Q   N   . P . N | 3
2 | P .   P P .   P | 2
1 | R   B   K B . R | 1
  +-----------------+
    A B C D E F G H


    A B C D E F G H
  +-----------------+
8 | r . b . k . n r | 8
7 | p   . p . p p p | 7
6 | n p p .   . q . | 6
5 | .   .   p   .   | 5
4 | Q b P .   . P . | 4
3 | .   N   . P . N | 3
2 | P .   P P .   P | 2
1 | R   B   K B . R | 1
  +-----------------+
    A B C D E F G H


    A B C D E F G H
  +-----------------+
8 | r . b . k . n r | 8
7 | p   . p .   p p | 7
6 | n p p .   . q . | 6
5 | .   .   p p .   | 5
4 | Q b P .   . P . | 4
3 | .   N   . P . N | 3
2 | P .   P P .   P | 2
1 | R   B   K B . R | 1
  +-----------------+
    A B C D E F G H


    A B C D E F G H
  +-----------------+
8 | r . b . k . n r | 8
7 | p   . p .   p p | 7
6 | n p p .   . q . | 6
5 | .   .   p p .   | 5
4 | Q b P .   . P . | 4
3 | B   N   . P . N | 3
2 | P .   P P .   P | 2
1 | R   .   K B . R | 1
  +-----------------+
    A B C D E F G H


    A B C D E F G H
  +-----------------+
8 | r . b . k . n r | 8
7 | p   . p .   p p | 7
6 | n p p .   . q . | 6
5 | .   .   p p .   | 5
4 | Q . P .   . P . | 4
3 | b   N   . P . N | 3
2 | P .   P P .   P | 2
1 | R   .   K B . R | 1
  +-----------------+
    A B C D E F G H


    A B C D E F G H
  +-----------------+
8 | r . b . k . n r | 8
7 | p   . p .   p p | 7
6 | n p p .   . q . | 6
5 | .   .   p p .   | 5
4 |   . P .   . P . | 4
3 | Q   N   . P . N | 3
2 | P .   P P .   P | 2
1 | R   .   K B . R | 1
  +-----------------+
    A B C D E F G H


    A B C D E F G H
  +-----------------+
8 | r . b . k . n r | 8
7 | p   . p .   p p | 7
6 | n p p .   . q . | 6
5 | .   .   p   .   | 5
4 |   . P .   . p . | 4
3 | Q   N   . P . N | 3
2 | P .   P P .   P | 2
1 | R   .   K B . R | 1
  +-----------------+
    A B C D E F G H


    A B C D E F G H
  +-----------------+
8 | r . b . k . n r | 8
7 | p   . p .   p p | 7
6 | n p p .   . q . | 6
5 | .   .   p   .   | 5
4 |   . P .   . P . | 4
3 | Q   N   .   . N | 3
2 | P .   P P .   P | 2
1 | R   .   K B . R | 1
  +-----------------+
    A B C D E F G H


    A B C D E F G H
  +-----------------+
8 | r . b . k . n r | 8
7 | p   . p .   p p | 7
6 | n p p .   .   . | 6
5 | .   .   p   .   | 5
4 |   . P .   . q . | 4
3 | Q   N   .   . N | 3
2 | P .   P P .   P | 2
1 | R   .   K B . R | 1
  +-----------------+
    A B C D E F G H


    A B C D E F G H
  +-----------------+
8 | r . b . k . n r | 8
7 | p   . p .   p p | 7
6 | n p p .   .   . | 6
5 | .   .   p   .   | 5
4 |   . P .   . q . | 4
3 | Q   N   .   . N | 3
2 | P .   P P .   P | 2
1 | R   .   K B R   | 1
  +-----------------+
    A B C D E F G H


    A B C D E F G H
  +-----------------+
8 | r . b . k . n r | 8
7 | p   . p .   p p | 7
6 | n p p .   .   . | 6
5 | .   .   p   .   | 5
4 |   . q .   .   . | 4
3 | Q   N   .   . N | 3
2 | P .   P P .   P | 2
1 | R   .   K B R   | 1
  +-----------------+
    A B C D E F G H


    A B C D E F G H
  +-----------------+
8 | r . b . k . n r | 8
7 | p   . p .   p p | 7
6 | n p p .   .   . | 6
5 | .   .   p   .   | 5
4 |   . q . P .   . | 4
3 | Q   N   .   . N | 3
2 | P .   P   .   P | 2
1 | R   .   K B R   | 1
  +-----------------+
    A B C D E F G H


    A B C D E F G H
  +-----------------+
8 | r . b . k . n r | 8
7 | p   . p .   p p | 7
6 | n p p .   .   . | 6
5 | .   .   p   .   | 5
4 |   q   . P .   . | 4
3 | Q   N   .   . N | 3
2 | P .   P   .   P | 2
1 | R   .   K B R   | 1
  +-----------------+
    A B C D E F G H


    A B C D E F G H
  +-----------------+
8 | r . b . k . n r | 8
7 | p   . p .   p p | 7
6 | n p p .   .   . | 6
5 | .   .   p   .   | 5
4 |   Q   . P .   . | 4
3 | .   N   .   . N | 3
2 | P .   P   .   P | 2
1 | R   .   K B R   | 1
  +-----------------+
    A B C D E F G H


    A B C D E F G H
  +-----------------+
8 | r . b . k . n r | 8
7 | p   . p .   p p | 7
6 |   p p .   .   . | 6
5 | .   .   p   .   | 5
4 |   n   . P .   . | 4
3 | .   N   .   . N | 3
2 | P .   P   .   P | 2
1 | R   .   K B R   | 1
  +-----------------+
    A B C D E F G H


    A B C D E F G H
  +-----------------+
8 | r . b . k . n r | 8
7 | p   . p .   p p | 7
6 |   p p .   .   . | 6
5 | .   .   p   R   | 5
4 |   n   . P .   . | 4
3 | .   N   .   . N | 3
2 | P .   P   .   P | 2
1 | R   .   K B .   | 1
  +-----------------+
    A B C D E F G H


    A B C D E F G H
  +-----------------+
8 | r . b . k . n r | 8
7 | p   . p .   p p | 7
6 |   p p .   .   . | 6
5 | .   .   p   R   | 5
4 |   .   . P .   . | 4
3 | .   N   .   . N | 3
2 | P . n P   .   P | 2
1 | R   .   K B .   | 1
  +-----------------+
    A B C D E F G H


    A B C D E F G H
  +-----------------+
8 | r . b . k . n r | 8
7 | p   . p .   p p | 7
6 |   p p .   .   . | 6
5 | .   .   p   R   | 5
4 |   .   . P .   . | 4
3 | .   N   .   . N | 3
2 | P . n P   K   P | 2
1 | R   .   . B .   | 1
  +-----------------+
    A B C D E F G H


    A B C D E F G H
  +-----------------+
8 | r . b . k . n r | 8
7 | p   . p .   p p | 7
6 |   p p .   .   . | 6
5 | .   .   p   R   | 5
4 |   .   . P .   . | 4
3 | .   N   .   . N | 3
2 | P .   P   K   P | 2
1 | n   .   . B .   | 1
  +-----------------+
    A B C D E F G H


    A B C D E F G H
  +-----------------+
8 | r . b . k . n r | 8
7 | p   . p .   p p | 7
6 |   p p .   .   . | 6
5 | .   .   R   .   | 5
4 |   .   . P .   . | 4
3 | .   N   .   . N | 3
2 | P .   P   K   P | 2
1 | n   .   . B .   | 1
  +-----------------+
    A B C D E F G H


    A B C D E F G H
  +-----------------+
8 | r . b . k .   r | 8
7 | p   . p n   p p | 7
6 |   p p .   .   . | 6
5 | .   .   R   .   | 5
4 |   .   . P .   . | 4
3 | .   N   .   . N | 3
2 | P .   P   K   P | 2
1 | n   .   . B .   | 1
  +-----------------+
    A B C D E F G H


    A B C D E F G H
  +-----------------+
8 | r . b . k .   r | 8
7 | p   . p n   p p | 7
6 |   p p .   .   . | 6
5 | .   .   R   .   | 5
4 |   .   . P .   . | 4
3 | .   N   .   K N | 3
2 | P .   P   .   P | 2
1 | n   .   . B .   | 1
  +-----------------+
    A B C D E F G H


    A B C D E F G H
  +-----------------+
8 | r . b . k .   r | 8
7 | p   .   n   p p | 7
6 |   p p p   .   . | 6
5 | .   .   R   .   | 5
4 |   .   . P .   . | 4
3 | .   N   .   K N | 3
2 | P .   P   .   P | 2
1 | n   .   . B .   | 1
  +-----------------+
    A B C D E F G H


    A B C D E F G H
  +-----------------+
8 | r . b . k .   r | 8
7 | p   .   n   p p | 7
6 |   p p p   .   . | 6
5 | .   .   .   R   | 5
4 |   .   . P .   . | 4
3 | .   N   .   K N | 3
2 | P .   P   .   P | 2
1 | n   .   . B .   | 1
  +-----------------+
    A B C D E F G H


    A B C D E F G H
  +-----------------+
8 | r . b . k .   r | 8
7 | p   .   .   p p | 7
6 |   p p p   . n . | 6
5 | .   .   .   R   | 5
4 |   .   . P .   . | 4
3 | .   N   .   K N | 3
2 | P .   P   .   P | 2
1 | n   .   . B .   | 1
  +-----------------+
    A B C D E F G H


    A B C D E F G H
  +-----------------+
8 | r . b . k .   r | 8
7 | p   .   .   p p | 7
6 |   p p p   . n . | 6
5 | .   .   .   R   | 5
4 |   . B . P .   . | 4
3 | .   N   .   K N | 3
2 | P .   P   .   P | 2
1 | n   .   .   .   | 1
  +-----------------+
    A B C D E F G H


    A B C D E F G H
  +-----------------+
8 | r . b . k .   r | 8
7 | p   .   .   p p | 7
6 |   . p p   . n . | 6
5 | . p .   .   R   | 5
4 |   . B . P .   . | 4
3 | .   N   .   K N | 3
2 | P .   P   .   P | 2
1 | n   .   .   .   | 1
  +-----------------+
    A B C D E F G H


    A B C D E F G H
  +-----------------+
8 | r . b . k .   r | 8
7 | p   .   .   p p | 7
6 |   . p p   . n . | 6
5 | . p .   .   R   | 5
4 |   .   . P .   . | 4
3 | .   N   .   K N | 3
2 | P .   P   .   P | 2
1 | n   .   . B .   | 1
  +-----------------+
    A B C D E F G H


    A B C D E F G H
  +-----------------+
8 | r . b .   r k . | 8
7 | p   .   .   p p | 7
6 |   . p p   . n . | 6
5 | . p .   .   R   | 5
4 |   .   . P .   . | 4
3 | .   N   .   K N | 3
2 | P .   P   .   P | 2
1 | n   .   . B .   | 1
  +-----------------+
    A B C D E F G H


    A B C D E F G H
  +-----------------+
8 | r . b .   r k . | 8
7 | p   .   .   p p | 7
6 |   . p p   . n . | 6
5 | . p .   .   R   | 5
4 |   .   . P .   . | 4
3 | .   N B .   K N | 3
2 | P .   P   .   P | 2
1 | n   .   .   .   | 1
  +-----------------+
    A B C D E F G H


    A B C D E F G H
  +-----------------+
8 | r . b .   r k . | 8
7 | p   .   .   p p | 7
6 |   . p p   .   . | 6
5 | . p .   n   R   | 5
4 |   .   . P .   . | 4
3 | .   N B .   K N | 3
2 | P .   P   .   P | 2
1 | n   .   .   .   | 1
  +-----------------+
    A B C D E F G H


    A B C D E F G H
  +-----------------+
8 | r . b .   r k . | 8
7 | p   .   .   p p | 7
6 |   . p p   .   . | 6
5 | . p .   n   R   | 5
4 |   .   . P .   . | 4
3 | .   N   .   K N | 3
2 | P .   P B .   P | 2
1 | n   .   .   .   | 1
  +-----------------+
    A B C D E F G H


    A B C D E F G H
  +-----------------+
8 | r . b .   r k . | 8
7 | p   .   .   p   | 7
6 |   . p p   .   p | 6
5 | . p .   n   R   | 5
4 |   .   . P .   . | 4
3 | .   N   .   K N | 3
2 | P .   P B .   P | 2
1 | n   .   .   .   | 1
  +-----------------+
    A B C D E F G H


    A B C D E F G H
  +-----------------+
8 | r . b .   r k . | 8
7 | p   .   .   p   | 7
6 |   . p p   .   p | 6
5 | . p .   n   . R | 5
4 |   .   . P .   . | 4
3 | .   N   .   K N | 3
2 | P .   P B .   P | 2
1 | n   .   .   .   | 1
  +-----------------+
    A B C D E F G H


    A B C D E F G H
  +-----------------+
8 | r .   .   r k . | 8
7 | p   .   .   p   | 7
6 | b . p p   .   p | 6
5 | . p .   n   . R | 5
4 |   .   . P .   . | 4
3 | .   N   .   K N | 3
2 | P .   P B .   P | 2
1 | n   .   .   .   | 1
  +-----------------+
    A B C D E F G H


    A B C D E F G H
  +-----------------+
8 | r .   .   r k . | 8
7 | p   .   .   p   | 7
6 | b . p p   .   p | 6
5 | . p .   n   . R | 5
4 | P .   . P .   . | 4
3 | .   N   .   K N | 3
2 |   .   P B .   P | 2
1 | n   .   .   .   | 1
  +-----------------+
    A B C D E F G H


    A B C D E F G H
  +-----------------+
8 | r .   .   r k . | 8
7 | p   .   .   p   | 7
6 | b . p p   .   p | 6
5 | . p .   n   . R | 5
4 | P .   . P .   . | 4
3 | . n N   .   K N | 3
2 |   .   P B .   P | 2
1 | .   .   .   .   | 1
  +-----------------+
    A B C D E F G H


    A B C D E F G H
  +-----------------+
8 | r .   .   r k . | 8
7 | p   .   .   p   | 7
6 | b . p p   .   p | 6
5 | . P .   n   . R | 5
4 |   .   . P .   . | 4
3 | . n N   .   K N | 3
2 |   .   P B .   P | 2
1 | .   .   .   .   | 1
  +-----------------+
    A B C D E F G H


    A B C D E F G H
  +-----------------+
8 | r .   .   r k . | 8
7 | p   .   .   p   | 7
6 | b .   p   .   p | 6
5 | . p .   n   . R | 5
4 |   .   . P .   . | 4
3 | . n N   .   K N | 3
2 |   .   P B .   P | 2
1 | .   .   .   .   | 1
  +-----------------+
    A B C D E F G H


    A B C D E F G H
  +-----------------+
8 | r .   .   r k . | 8
7 | p   .   .   p   | 7
6 | b .   p   .   p | 6
5 | . B .   n   . R | 5
4 |   .   . P .   . | 4
3 | . n N   .   K N | 3
2 |   .   P   .   P | 2
1 | .   .   .   .   | 1
  +-----------------+
    A B C D E F G H


    A B C D E F G H
  +-----------------+
8 | r .   .   . k . | 8
7 | p   .   .   p   | 7
6 | b .   p   .   p | 6
5 | . B .   n   . R | 5
4 |   .   . P .   . | 4
3 | . n N   . r K N | 3
2 |   .   P   .   P | 2
1 | .   .   .   .   | 1
  +-----------------+
    A B C D E F G H


    A B C D E F G H
  +-----------------+
8 | r .   .   . k . | 8
7 | p   .   .   p   | 7
6 | b .   p   .   p | 6
5 | . B .   n   . R | 5
4 |   .   . P .   . | 4
3 | . n N   . r . N | 3
2 |   .   P   . K P | 2
1 | .   .   .   .   | 1
  +-----------------+
    A B C D E F G H


    A B C D E F G H
  +-----------------+
8 | r .   .   . k . | 8
7 | p   .   .   p   | 7
6 | b .   p   .   p | 6
5 | . B .   n   . R | 5
4 |   .   . P .   . | 4
3 | . n r   .   . N | 3
2 |   .   P   . K P | 2
1 | .   .   .   .   | 1
  +-----------------+
    A B C D E F G H


    A B C D E F G H
  +-----------------+
8 | r .   .   . k . | 8
7 | p   .   .   p   | 7
6 | B .   p   .   p | 6
5 | .   .   n   . R | 5
4 |   .   . P .   . | 4
3 | . n r   .   . N | 3
2 |   .   P   . K P | 2
1 | .   .   .   .   | 1
  +-----------------+
    A B C D E F G H


    A B C D E F G H
  +-----------------+
8 | r .   .   . k . | 8
7 | p   .   .   p   | 7
6 | B .   p   .   p | 6
5 | .   .   n   . R | 5
4 |   .   . P .   . | 4
3 | .   r   .   . N | 3
2 |   .   n   . K P | 2
1 | .   .   .   .   | 1
  +-----------------+
    A B C D E F G H


    A B C D E F G H
  +-----------------+
8 | r .   .   . k . | 8
7 | p B .   .   p   | 7
6 |   .   p   .   p | 6
5 | .   .   n   . R | 5
4 |   .   . P .   . | 4
3 | .   r   .   . N | 3
2 |   .   n   . K P | 2
1 | .   .   .   .   | 1
  +-----------------+
    A B C D E F G H


    A B C D E F G H
  +-----------------+
8 |   r   .   . k . | 8
7 | p B .   .   p   | 7
6 |   .   p   .   p | 6
5 | .   .   n   . R | 5
4 |   .   . P .   . | 4
3 | .   r   .   . N | 3
2 |   .   n   . K P | 2
1 | .   .   .   .   | 1
  +-----------------+
    A B C D E F G H


    A B C D E F G H
  +-----------------+
8 |   r   .   . k . | 8
7 | p   .   .   p   | 7
6 |   .   p   .   p | 6
5 | .   . B n   . R | 5
4 |   .   . P .   . | 4
3 | .   r   .   . N | 3
2 |   .   n   . K P | 2
1 | .   .   .   .   | 1
  +-----------------+
    A B C D E F G H


    A B C D E F G H
  +-----------------+
8 |   r   .   .   k | 8
7 | p   .   .   p   | 7
6 |   .   p   .   p | 6
5 | .   . B n   . R | 5
4 |   .   . P .   . | 4
3 | .   r   .   . N | 3
2 |   .   n   . K P | 2
1 | .   .   .   .   | 1
  +-----------------+
    A B C D E F G H


    A B C D E F G H
  +-----------------+
8 |   r   .   .   k | 8
7 | p   .   .   p   | 7
6 |   .   p   .   p | 6
5 | .   . B n   N R | 5
4 |   .   . P .   . | 4
3 | .   r   .   .   | 3
2 |   .   n   . K P | 2
1 | .   .   .   .   | 1
  +-----------------+
    A B C D E F G H


    A B C D E F G H
  +-----------------+
8 |   .   .   .   k | 8
7 | p   .   .   p   | 7
6 |   .   p   .   p | 6
5 | .   . B n   N R | 5
4 |   .   . P .   . | 4
3 | .   r   .   .   | 3
2 |   r   n   . K P | 2
1 | .   .   .   .   | 1
  +-----------------+
    A B C D E F G H


    A B C D E F G H
  +-----------------+
8 |   .   .   .   k | 8
7 | p   .   .   p   | 7
6 |   .   p   .   p | 6
5 | .   . B n   N R | 5
4 |   .   . P .   . | 4
3 | .   r   .   .   | 3
2 |   r   n   .   P | 2
1 | .   .   .   . K | 1
  +-----------------+
    A B C D E F G H


    A B C D E F G H
  +-----------------+
8 |   .   .   .   k | 8
7 | p   .   .   p   | 7
6 |   .   p   .   p | 6
5 | .   . B n   N R | 5
4 |   .   . P .   . | 4
3 | .   .   .   .   | 3
2 |   r   n   .   P | 2
1 | .   r   .   . K | 1
  +-----------------+
    A B C D E F G H


    A B C D E F G H
  +-----------------+
8 |   .   .   .   k | 8
7 | p   .   .   p   | 7
6 |   .   p   .   p | 6
5 | .   . B n   N R | 5
4 |   .   . P .   . | 4
3 | .   .   .   .   | 3
2 |   r   n   . K P | 2
1 | .   r   .   .   | 1
  +-----------------+
    A B C D E F G H


    A B C D E F G H
  +-----------------+
8 |   .   .   .   k | 8
7 | p   .   .   p   | 7
6 |   .   p   .   p | 6
5 | .   . B n   N R | 5
4 |   .   . n .   . | 4
3 | .   .   .   .   | 3
2 |   r   .   . K P | 2
1 | .   r   .   .   | 1
  +-----------------+
    A B C D E F G H


    A B C D E F G H
  +-----------------+
8 |   .   .   .   k | 8
7 | p   .   .   p   | 7
6 |   .   p   .   p | 6
5 | .   . B n   N R | 5
4 |   .   . n .   . | 4
3 | .   .   .   . K | 3
2 |   r   .   .   P | 2
1 | .   r   .   .   | 1
  +-----------------+
    A B C D E F G H


    A B C D E F G H
  +-----------------+
8 |   .   .   .   k | 8
7 | p   .   .   p   | 7
6 |   .   p   .   p | 6
5 | .   . B n   n R | 5
4 |   .   .   .   . | 4
3 | .   .   .   . K | 3
2 |   r   .   .   P | 2
1 | .   r   .   .   | 1
  +-----------------+
    A B C D E F G H


    A B C D E F G H
  +-----------------+
8 |   .   .   .   k | 8
7 | p   .   .   p   | 7
6 |   .   p   .   p | 6
5 | .   . B n   n R | 5
4 |   .   .   .   . | 4
3 | .   .   .   K   | 3
2 |   r   .   .   P | 2
1 | .   r   .   .   | 1
  +-----------------+
    A B C D E F G H


    A B C D E F G H
  +-----------------+
8 |   .   .   .   k | 8
7 | p   .   .   p   | 7
6 |   .   p   .   p | 6
5 | .   r B n   n R | 5
4 |   .   .   .   . | 4
3 | .   .   .   K   | 3
2 |   r   .   .   P | 2
1 | .   .   .   .   | 1
  +-----------------+
    A B C D E F G H


    A B C D E F G H
  +-----------------+
8 |   .   .   .   k | 8
7 | p   .   .   p   | 7
6 |   .   p   .   p | 6
5 | .   r B n   n R | 5
4 |   .   .   .   P | 4
3 | .   .   .   K   | 3
2 |   r   .   .   . | 2
1 | .   .   .   .   | 1
  +-----------------+
    A B C D E F G H


    A B C D E F G H
  +-----------------+
8 |   .   .   .   . | 8
7 | p   .   .   p k | 7
6 |   .   p   .   p | 6
5 | .   r B n   n R | 5
4 |   .   .   .   P | 4
3 | .   .   .   K   | 3
2 |   r   .   .   . | 2
1 | .   .   .   .   | 1
  +-----------------+
    A B C D E F G H


    A B C D E F G H
  +-----------------+
8 |   .   .   .   . | 8
7 | p   .   .   p k | 7
6 |   .   p   .   p | 6
5 | .   r B n   P R | 5
4 |   .   .   .   . | 4
3 | .   .   .   K   | 3
2 |   r   .   .   . | 2
1 | .   .   .   .   | 1
  +-----------------+
    A B C D E F G H


    A B C D E F G H
  +-----------------+
8 |   .   .   .   . | 8
7 | p   .   .   p   | 7
6 |   .   p   . k p | 6
5 | .   r B n   P R | 5
4 |   .   .   .   . | 4
3 | .   .   .   K   | 3
2 |   r   .   .   . | 2
1 | .   .   .   .   | 1
  +-----------------+
    A B C D E F G H


    A B C D E F G H
  +-----------------+
8 |   .   .   .   . | 8
7 | p   .   . B p   | 7
6 |   .   p   . k p | 6
5 | .   r   n   P R | 5
4 |   .   .   .   . | 4
3 | .   .   .   K   | 3
2 |   r   .   .   . | 2
1 | .   .   .   .   | 1
  +-----------------+
    A B C D E F G H


    A B C D E F G H
  +-----------------+
8 |   .   .   .   . | 8
7 | p   .   . n p   | 7
6 |   .   p   . k p | 6
5 | .   r   .   P R | 5
4 |   .   .   .   . | 4
3 | .   .   .   K   | 3
2 |   r   .   .   . | 2
1 | .   .   .   .   | 1
  +-----------------+
    A B C D E F G H


    A B C D E F G H
  +-----------------+
8 |   .   .   .   . | 8
7 | p   .   . n p   | 7
6 |   .   p   . k p | 6
5 | .   r   .   P   | 5
4 |   .   .   .   R | 4
3 | .   .   .   K   | 3
2 |   r   .   .   . | 2
1 | .   .   .   .   | 1
  +-----------------+
    A B C D E F G H


    A B C D E F G H
  +-----------------+
8 |   .   .   .   . | 8
7 | p   .   .   p   | 7
6 |   .   p   . k p | 6
5 | .   r   .   n   | 5
4 |   .   .   .   R | 4
3 | .   .   .   K   | 3
2 |   r   .   .   . | 2
1 | .   .   .   .   | 1
  +-----------------+
    A B C D E F G H


    A B C D E F G H
  +-----------------+
8 |   .   .   .   . | 8
7 | p   .   .   p   | 7
6 |   .   p   . k p | 6
5 | .   r   .   n   | 5
4 | R .   .   .   . | 4
3 | .   .   .   K   | 3
2 |   r   .   .   . | 2
1 | .   .   .   .   | 1
  +-----------------+
    A B C D E F G H


    A B C D E F G H
  +-----------------+
8 |   .   .   .   . | 8
7 | .   .   .   p   | 7
6 |   .   p   . k p | 6
5 | p   r   .   n   | 5
4 | R .   .   .   . | 4
3 | .   .   .   K   | 3
2 |   r   .   .   . | 2
1 | .   .   .   .   | 1
  +-----------------+
    A B C D E F G H


    A B C D E F G H
  +-----------------+
8 |   .   .   .   . | 8
7 | .   .   .   p   | 7
6 |   .   p   . k p | 6
5 | p   r   .   n   | 5
4 |   .   R   .   . | 4
3 | .   .   .   K   | 3
2 |   r   .   .   . | 2
1 | .   .   .   .   | 1
  +-----------------+
    A B C D E F G H


    A B C D E F G H
  +-----------------+
8 |   .   .   .   . | 8
7 | .   .   .   p   | 7
6 |   .   .   . k p | 6
5 | p   r p .   n   | 5
4 |   .   R   .   . | 4
3 | .   .   .   K   | 3
2 |   r   .   .   . | 2
1 | .   .   .   .   | 1
  +-----------------+
    A B C D E F G H


    A B C D E F G H
  +-----------------+
8 |   .   .   .   . | 8
7 | .   .   .   p   | 7
6 |   .   .   . k p | 6
5 | p   r p .   n   | 5
4 |   .   R   . K . | 4
3 | .   .   .   .   | 3
2 |   r   .   .   . | 2
1 | .   .   .   .   | 1
  +-----------------+
    A B C D E F G H


    A B C D E F G H
  +-----------------+
8 |   .   .   .   . | 8
7 | .   .   .   p   | 7
6 |   .   .   . k . | 6
5 | p   r p .   n p | 5
4 |   .   R   . K . | 4
3 | .   .   .   .   | 3
2 |   r   .   .   . | 2
1 | .   .   .   .   | 1
  +-----------------+
    A B C D E F G H


    A B C D E F G H
  +-----------------+
8 |   .   .   .   . | 8
7 | .   .   .   p   | 7
6 |   .   .   . k . | 6
5 | p   r p .   n p | 5
4 |   .   R   .   . | 4
3 | .   .   .   K   | 3
2 |   r   .   .   . | 2
1 | .   .   .   .   | 1
  +-----------------+
    A B C D E F G H


    A B C D E F G H
  +-----------------+
8 |   .   .   .   . | 8
7 | .   .   .   p   | 7
6 |   .   .   . k . | 6
5 | p   r p .   n p | 5
4 |   r   R   .   . | 4
3 | .   .   .   K   | 3
2 |   .   .   .   . | 2
1 | .   .   .   .   | 1
  +-----------------+
    A B C D E F G H


    A B C D E F G H
  +-----------------+
8 |   .   .   .   . | 8
7 | .   .   .   p   | 7
6 |   .   .   . k . | 6
5 | p   r p .   n p | 5
4 |   R   .   .   . | 4
3 | .   .   .   K   | 3
2 |   .   .   .   . | 2
1 | .   .   .   .   | 1
  +-----------------+
    A B C D E F G H


    A B C D E F G H
  +-----------------+
8 |   .   .   .   . | 8
7 | .   .   .   p   | 7
6 |   .   .   . k . | 6
5 | .   r p .   n p | 5
4 |   p   .   .   . | 4
3 | .   .   .   K   | 3
2 |   .   .   .   . | 2
1 | .   .   .   .   | 1
  +-----------------+
    A B C D E F G H


    A B C D E F G H
  +-----------------+
8 |   .   .   .   . | 8
7 | .   .   .   p   | 7
6 |   .   .   . k . | 6
5 | .   r p .   n p | 5
4 |   p   .   K   . | 4
3 | .   .   .   .   | 3
2 |   .   .   .   . | 2
1 | .   .   .   .   | 1
  +-----------------+
    A B C D E F G H


    A B C D E F G H
  +-----------------+
8 |   .   .   .   . | 8
7 | .   .   .   p   | 7
6 |   .   .   . k . | 6
5 | .   r   .   n p | 5
4 |   p   p   K   . | 4
3 | .   .   .   .   | 3
2 |   .   .   .   . | 2
1 | .   .   .   .   | 1
  +-----------------+
    A B C D E F G H


    A B C D E F G H
  +-----------------+
8 |   .   .   .   . | 8
7 | .   .   .   p   | 7
6 |   .   .   . k . | 6
5 | .   r   .   n p | 5
4 |   p   p   .   . | 4
3 | .   .   .   K   | 3
2 |   .   .   .   . | 2
1 | .   .   .   .   | 1
  +-----------------+
    A B C D E F G H


    A B C D E F G H
  +-----------------+
8 |   .   .   .   . | 8
7 | .   .   .   p   | 7
6 |   .   .   . k . | 6
5 | .   r   .   n p | 5
4 |   .   p   .   . | 4
3 | . p .   .   K   | 3
2 |   .   .   .   . | 2
1 | .   .   .   .   | 1
  +-----------------+
    A B C D E F G H


    A B C D E F G H
  +-----------------+
8 |   .   .   .   . | 8
7 | .   .   .   p   | 7
6 |   .   .   . k . | 6
5 | .   r   .   n p | 5
4 |   .   p   .   K | 4
3 | . p .   .   .   | 3
2 |   .   .   .   . | 2
1 | .   .   .   .   | 1
  +-----------------+
    A B C D E F G H


    A B C D E F G H
  +-----------------+
8 |   .   .   .   . | 8
7 | .   .   .   p   | 7
6 |   .   .   . k . | 6
5 | .   r   .   n p | 5
4 |   .   p   .   K | 4
3 | .   .   .   .   | 3
2 |   p   .   .   . | 2
1 | .   .   .   .   | 1
  +-----------------+
    A B C D E F G H


    A B C D E F G H
  +-----------------+
8 |   .   .   .   . | 8
7 | .   .   .   p   | 7
6 |   .   .   . k . | 6
5 | .   r   .   n p | 5
4 |   .   p   .   . | 4
3 | .   .   .   K   | 3
2 |   p   .   .   . | 2
1 | .   .   .   .   | 1
  +-----------------+
    A B C D E F G H


    A B C D E F G H
  +-----------------+
8 |   .   .   .   . | 8
7 | .   .   .   p   | 7
6 |   .   .   . k . | 6
5 | .   r   .   n p | 5
4 |   .   p   .   . | 4
3 | .   .   .   K   | 3
2 |   .   .   .   . | 2
1 | . q .   .   .   | 1
  +-----------------+
    A B C D E F G H


    A B C D E F G H
  +-----------------+
8 |   .   .   .   . | 8
7 | .   .   .   p   | 7
6 |   .   .   . k . | 6
5 | .   r   .   n p | 5
4 |   .   p   .   . | 4
3 | .   .   .   .   | 3
2 |   .   .   . K . | 2
1 | . q .   .   .   | 1
  +-----------------+
    A B C D E F G H


    A B C D E F G H
  +-----------------+
8 |   .   .   .   . | 8
7 | .   .   .   p   | 7
6 |   .   .   . k . | 6
5 | .   r   .   n   | 5
4 |   .   p   .   p | 4
3 | .   .   .   .   | 3
2 |   .   .   . K . | 2
1 | . q .   .   .   | 1
  +-----------------+
    A B C D E F G H


    A B C D E F G H
  +-----------------+
8 |   .   .   .   . | 8
7 | .   .   .   p   | 7
6 |   .   .   . k . | 6
5 | .   r   .   n   | 5
4 |   .   p   .   p | 4
3 | .   .   .   .   | 3
2 |   .   .   K   . | 2
1 | . q .   .   .   | 1
  +-----------------+
    A B C D E F G H


    A B C D E F G H
  +-----------------+
8 |   .   .   .   . | 8
7 | .   .   .   p   | 7
6 |   .   .   . k . | 6
5 | .   .   .   n   | 5
4 |   .   p   .   p | 4
3 | .   .   .   .   | 3
2 |   . r .   K   . | 2
1 | . q .   .   .   | 1
  +-----------------+
    A B C D E F G H

