0.9048374180359599
3961941421.380437
0.09531017980432496
19.877058666440682
1
1.9999999999999996
2.9999999999999996
4
