4102206225
3571541907
2387156748
3232876566
1641723522
4273068264
848261888
1185559756
1096058470
1693598379
12514
52140
