built 10000 strings
/submatchthis/: 75
/^((?=\S*?[A-Z])(?=\S*?[a-z])(?=\S*?[0-9]).{6,})\S$/: 5216
/^(?=.*\d)(?=.*[a-z])(?=.*[A-Z])(?=.*[#$%\/()=??*+-])(?=(?:([\w\d])\1?(?!\1\1)))(?!(?=.*(palabra1|palabra2|palabraN))).{8,20}$/: 2021
